<<<<<<< HEAD
37729
=======
37822
>>>>>>> b98f617 (increase fee bits precision)
